return Map
{
  name = "Test",
  size = { x = 6, y = 6 },
  layers =
  {
    {
      size = { x = 5, y = 5 },
      pos = { x = -2, y = -6 },
      tiles =
      {
        {
          kind = "Wall",
          pos = { x = 0, y = 0 },
          texture = "WallBotLeftCornerOlive"
        },
        {
          kind = "Wall",
          pos = { x = 1, y = 0 },
          texture = "WallHorizontalOlive"
        },
        {
          kind = "Wall",
          pos = { x = 2, y = 0 },
          texture = "WallHorizontalOlive"
        },
        {
          kind = "Wall",
          pos = { x = 3, y = 0 },
          texture = "WallHorizontalOlive"
        },
        {
          kind = "Wall",
          pos = { x = 4, y = 0 },
          texture = "WallBotRightCornerOlive"
        },
        {
          kind = "Wall",
          pos = { x = 0, y = 1 },
          texture = "WallVerticalOlive"
        },
        {
          kind = "Wall",
          pos = { x = 4, y = 1 },
          texture = "WallVerticalOlive"
        },
        {
          kind = "Wall",
          pos = { x = 0, y = 2 },
          texture = "WallVerticalOlive"
        },
        {
          kind = "Wall",
          pos = { x = 4, y = 2 },
          texture = "WallVerticalOlive"
        },
        {
          kind = "Wall",
          pos = { x = 0, y = 3 },
          texture = "WallVerticalOlive"
        },
        {
          kind = "Wall",
          pos = { x = 4, y = 3 },
          texture = "WallVerticalOlive"
        },
        {
          kind = "Wall",
          pos = { x = 0, y = 4 },
          texture = "WallTopLeftCornerOlive"
        },
        {
          kind = "Wall",
          pos = { x = 1, y = 4 },
          texture = "WallHorizontalOlive"
        },
        {
          kind = "Wall",
          pos = { x = 2, y = 4 },
          texture = "WallHorizontalOlive"
        },
        {
          kind = "Wall",
          pos = { x = 3, y = 4 },
          texture = "WallHorizontalOlive"
        },
        {
          kind = "Wall",
          pos = { x = 4, y = 4 },
          texture = "WallTopRightCornerOlive"
        },
        {
          kind = "Floor",
          pos = { x = 1, y = 1 },
          texture = "FloorTilesLightGray"
        },
        {
          kind = "Floor",
          pos = { x = 2, y = 1 },
          texture = "FloorTilesLightGray"
        },
        {
          kind = "Floor",
          pos = { x = 3, y = 1 },
          texture = "FloorTilesLightGray"
        },
        {
          kind = "Floor",
          pos = { x = 1, y = 2 },
          texture = "FloorTilesLightGray"
        },
        {
          kind = "Floor",
          pos = { x = 2, y = 2 },
          texture = "FloorTilesLightGray"
        },
        {
          kind = "Floor",
          pos = { x = 3, y = 2 },
          texture = "FloorTilesLightGray"
        },
        {
          kind = "Floor",
          pos = { x = 1, y = 3 },
          texture = "FloorTilesLightGray"
        },
        {
          kind = "Floor",
          pos = { x = 2, y = 3 },
          texture = "FloorTilesLightGray"
        },
        {
          kind = "Floor",
          pos = { x = 3, y = 3 },
          texture = "FloorTilesLightGray"
        },
      }
    },
    {
      size = { x = 10, y = 10 },
      pos = { x = 0, y = 2 },
      tiles =
      {
        {
          kind = "Wall",
          pos = { x = 0, y = 0 },
          texture = "WallBotLeftCornerOlive"
        },
        {
          kind = "Wall",
          pos = { x = 1, y = 0 },
          texture = "WallHorizontalOlive"
        },
        {
          kind = "Wall",
          pos = { x = 2, y = 0 },
          texture = "WallHorizontalOlive"
        },
        {
          kind = "Wall",
          pos = { x = 3, y = 0 },
          texture = "WallHorizontalOlive"
        },
        {
          kind = "Wall",
          pos = { x = 4, y = 0 },
          texture = "WallHorizontalOlive"
        },
        {
          kind = "Wall",
          pos = { x = 5, y = 0 },
          texture = "WallHorizontalOlive"
        },
        {
          kind = "Wall",
          pos = { x = 6, y = 0 },
          texture = "WallHorizontalOlive"
        },
        {
          kind = "Wall",
          pos = { x = 7, y = 0 },
          texture = "WallHorizontalOlive"
        },
        {
          kind = "Wall",
          pos = { x = 8, y = 0 },
          texture = "WallHorizontalOlive"
        },
        {
          kind = "Wall",
          pos = { x = 9, y = 0 },
          texture = "WallBotRightCornerOlive"
        },
        {
          kind = "Wall",
          pos = { x = 0, y = 1 },
          texture = "WallVerticalOlive"
        },
        {
          kind = "Wall",
          pos = { x = 9, y = 1 },
          texture = "WallVerticalOlive"
        },
        {
          kind = "Wall",
          pos = { x = 0, y = 2 },
          texture = "WallVerticalOlive"
        },
        {
          kind = "Wall",
          pos = { x = 9, y = 2 },
          texture = "WallVerticalOlive"
        },
        {
          kind = "Wall",
          pos = { x = 0, y = 3 },
          texture = "WallVerticalOlive"
        },
        {
          kind = "Wall",
          pos = { x = 9, y = 3 },
          texture = "WallVerticalOlive"
        },
        {
          kind = "Wall",
          pos = { x = 0, y = 4 },
          texture = "WallVerticalOlive"
        },
        {
          kind = "Wall",
          pos = { x = 9, y = 4 },
          texture = "WallVerticalOlive"
        },
        {
          kind = "Wall",
          pos = { x = 0, y = 5 },
          texture = "WallVerticalOlive"
        },
        {
          kind = "Wall",
          pos = { x = 9, y = 5 },
          texture = "WallVerticalOlive"
        },
        {
          kind = "Wall",
          pos = { x = 0, y = 6 },
          texture = "WallVerticalOlive"
        },
        {
          kind = "Wall",
          pos = { x = 9, y = 6 },
          texture = "WallVerticalOlive"
        },
        {
          kind = "Wall",
          pos = { x = 0, y = 7 },
          texture = "WallVerticalOlive"
        },
        {
          kind = "Wall",
          pos = { x = 9, y = 7 },
          texture = "WallVerticalOlive"
        },
        {
          kind = "Wall",
          pos = { x = 0, y = 8 },
          texture = "WallVerticalOlive"
        },
        {
          kind = "Wall",
          pos = { x = 9, y = 8 },
          texture = "WallVerticalOlive"
        },
        {
          kind = "Wall",
          pos = { x = 0, y = 9 },
          texture = "WallTopLeftCornerOlive"
        },
        {
          kind = "Wall",
          pos = { x = 1, y = 9 },
          texture = "WallHorizontalOlive"
        },
        {
          kind = "Wall",
          pos = { x = 2, y = 9 },
          texture = "WallHorizontalOlive"
        },
        {
          kind = "Wall",
          pos = { x = 3, y = 9 },
          texture = "WallHorizontalOlive"
        },
        {
          kind = "Wall",
          pos = { x = 4, y = 9 },
          texture = "WallHorizontalOlive"
        },
        {
          kind = "Wall",
          pos = { x = 5, y = 9 },
          texture = "WallHorizontalOlive"
        },
        {
          kind = "Wall",
          pos = { x = 6, y = 9 },
          texture = "WallHorizontalOlive"
        },
        {
          kind = "Wall",
          pos = { x = 7, y = 9 },
          texture = "WallHorizontalOlive"
        },
        {
          kind = "Wall",
          pos = { x = 8, y = 9 },
          texture = "WallHorizontalOlive"
        },
        {
          kind = "Wall",
          pos = { x = 9, y = 9 },
          texture = "WallTopRightCornerOlive"
        },
        {
          kind = "Floor",
          pos = { x = 1, y = 1 },
          texture = "FloorTilesDarkGray",
        },
        {
          kind = "Floor",
          pos = { x = 2, y = 1 },
          texture = "FloorTilesDarkGray"
        },
        {
          kind = "Floor",
          pos = { x = 3, y = 1 },
          texture = "FloorTilesDarkGray"
        },
        {
          kind = "Floor",
          pos = { x = 4, y = 1 },
          texture = "FloorTilesDarkGray"
        },
        {
          kind = "Floor",
          pos = { x = 5, y = 1 },
          texture = "FloorTilesDarkGray"
        },
        {
          kind = "Floor",
          pos = { x = 6, y = 1 },
          texture = "FloorTilesDarkGray"
        },
        {
          kind = "Floor",
          pos = { x = 7, y = 1 },
          texture = "FloorTilesDarkGray"
        },
        {
          kind = "Floor",
          pos = { x = 8, y = 1 },
          texture = "FloorTilesDarkGray"
        },
        {
          kind = "Floor",
          pos = { x = 1, y = 2 },
          texture = "FloorTilesDarkGray",
          entities =
          {
            Entity
            {
              name = "Table",
              components =
              {
                Sprite
                {
                  texture = "WorkTableVerticalBotCapGlass",
                },
              },
            },
          },
        },
        {
          kind = "Floor",
          pos = { x = 2, y = 2 },
          texture = "FloorTilesDarkGray",
        },
        {
          kind = "Floor",
          pos = { x = 3, y = 2 },
          texture = "FloorTilesDarkGray",
        },
        {
          kind = "Floor",
          pos = { x = 4, y = 2 },
          texture = "FloorTilesDarkGray",
        },
        {
          kind = "Floor",
          pos = { x = 5, y = 2 },
          texture = "FloorTilesDarkGray",
        },
        {
          kind = "Floor",
          pos = { x = 6, y = 2 },
          texture = "FloorTilesDarkGray",
        },
        {
          kind = "Floor",
          pos = { x = 7, y = 2 },
          texture = "FloorTilesDarkGray",
        },
        {
          kind = "Floor",
          pos = { x = 8, y = 2 },
          texture = "FloorTilesDarkGray",
        },
        {
          kind = "Floor",
          pos = { x = 1, y = 3 },
          texture = "FloorTilesDarkGray",
          entities =
          {
            Entity
            {
              name = "Table",
              components =
              {
                Sprite
                {
                  texture = "WorkTableVerticalGlass",
                },
              },
            },
          },
        },
        {
          kind = "Floor",
          pos = { x = 2, y = 3 },
          texture = "FloorTilesDarkGray",
        },
        {
          kind = "Floor",
          pos = { x = 3, y = 3 },
          texture = "FloorTilesDarkGray",
        },
        {
          kind = "Floor",
          pos = { x = 4, y = 3 },
          texture = "FloorTilesDarkGray",
          entities =
          {
            Entity
            {
              name = "Table",
              components =
              {
                Sprite
                {
                  texture = "WorkTableBotLeftCornerSteel",
                },
              },
            },
          },
        },
        {
          kind = "Floor",
          pos = { x = 5, y = 3 },
          texture = "FloorTilesDarkGray",
          entities =
          {
            Entity
            {
              name = "Table",
              components =
              {
                Sprite
                {
                  texture = "WorkTableBotRightCornerSteel",
                },
              },
            },
          },
        },
        {
          kind = "Floor",
          pos = { x = 6, y = 3 },
          texture = "FloorTilesDarkGray",
        },
        {
          kind = "Floor",
          pos = { x = 7, y = 3 },
          texture = "FloorTilesDarkGray",
        },
        {
          kind = "Floor",
          pos = { x = 8, y = 3 },
          texture = "FloorTilesDarkGray",
        },
        {
          kind = "Floor",
          pos = { x = 1, y = 4 },
          texture = "FloorTilesDarkGray",
          entities =
          {
            Entity
            {
              name = "Table",
              components =
              {
                Sprite
                {
                  texture = "WorkTableVerticalGlass",
                },
              },
            },
          },
        },
        {
          kind = "Floor",
          pos = { x = 2, y = 4 },
          texture = "FloorTilesDarkGray",
        },
        {
          kind = "Floor",
          pos = { x = 3, y = 4 },
          texture = "FloorTilesDarkGray",
        },
        {
          kind = "Floor",
          pos = { x = 4, y = 4 },
          texture = "FloorTilesDarkGray",
          entities =
          {
            Entity
            {
              name = "Table",
              components =
              {
                Sprite
                {
                  texture = "WorkTableTopLeftCornerSteel",
                },
              },
            },
          },
        },
        {
          kind = "Floor",
          pos = { x = 5, y = 4 },
          texture = "FloorTilesDarkGray",
          entities =
          {
            Entity
            {
              name = "Table",
              components =
              {
                Sprite
                {
                  texture = "WorkTableTopRightCornerSteel",
                },
              },
            },
          },
        },
        {
          kind = "Floor",
          pos = { x = 6, y = 4 },
          texture = "FloorTilesDarkGray",
        },
        {
          kind = "Floor",
          pos = { x = 7, y = 4 },
          texture = "FloorTilesDarkGray",
        },
        {
          kind = "Floor",
          pos = { x = 8, y = 4 },
          texture = "FloorTilesDarkGray",
        },
        {
          kind = "Floor",
          pos = { x = 1, y = 5 },
          texture = "FloorTilesDarkGray",
          entities =
          {
            Entity
            {
              name = "Table",
              components =
              {
                Sprite
                {
                  texture = "WorkTableVerticalGlass",
                },
              },
            },
          },
        },
        {
          kind = "Floor",
          pos = { x = 2, y = 5 },
          texture = "FloorTilesDarkGray",
        },
        {
          kind = "Floor",
          pos = { x = 3, y = 5 },
          texture = "FloorTilesDarkGray",
        },
        {
          kind = "Floor",
          pos = { x = 4, y = 5 },
          texture = "FloorTilesDarkGray",
        },
        {
          kind = "Floor",
          pos = { x = 5, y = 5 },
          texture = "FloorTilesDarkGray",
        },
        {
          kind = "Floor",
          pos = { x = 6, y = 5 },
          texture = "FloorTilesDarkGray",
          entities =
          {
            Entity
            {
              name = "Spawner",
              components =
              {
                PlayerSpawner {},
                Sprite
                {
                  texture = "DevSpawner",
                },
              },
            },
          },
        },
        {
          kind = "Floor",
          pos = { x = 7, y = 5 },
          texture = "FloorTilesDarkGray",
        },
        {
          kind = "Floor",
          pos = { x = 8, y = 5 },
          texture = "FloorTilesDarkGray",
        },
        {
          kind = "Floor",
          pos = { x = 1, y = 6 },
          texture = "FloorTilesDarkGray",
          entities =
          {
            Entity
            {
              name = "Table",
              components =
              {
                Sprite
                {
                  texture = "WorkTableVerticalGlass",
                },
              },
            },
          },
        },
        {
          kind = "Floor",
          pos = { x = 2, y = 6 },
          texture = "FloorTilesDarkGray",
        },
        {
          kind = "Floor",
          pos = { x = 3, y = 6 },
          texture = "FloorTilesDarkGray",
        },
        {
          kind = "Floor",
          pos = { x = 4, y = 6 },
          texture = "FloorTilesDarkGray",
        },
        {
          kind = "Floor",
          pos = { x = 5, y = 6 },
          texture = "FloorTilesDarkGray",
        },
        {
          kind = "Floor",
          pos = { x = 6, y = 6 },
          texture = "FloorTilesDarkGray",
        },
        {
          kind = "Floor",
          pos = { x = 7, y = 6 },
          texture = "FloorTilesDarkGray",
        },
        {
          kind = "Floor",
          pos = { x = 8, y = 6 },
          texture = "FloorTilesDarkGray",
        },
        {
          kind = "Floor",
          pos = { x = 1, y = 7 },
          texture = "FloorTilesDarkGray",
          entities =
          {
            Entity
            {
              name = "Table",
              components =
              {
                Sprite
                {
                  texture = "WorkTableVerticalTopCapGlass",
                },
              },
            },
          },
        },
        {
          kind = "Floor",
          pos = { x = 2, y = 7 },
          texture = "FloorTilesDarkGray",
        },
        {
          kind = "Floor",
          pos = { x = 3, y = 7 },
          texture = "FloorTilesDarkGray",
        },
        {
          kind = "Floor",
          pos = { x = 4, y = 7 },
          texture = "FloorTilesDarkGray",
        },
        {
          kind = "Floor",
          pos = { x = 5, y = 7 },
          texture = "FloorTilesDarkGray",
        },
        {
          kind = "Floor",
          pos = { x = 6, y = 7 },
          texture = "FloorTilesDarkGray",
        },
        {
          kind = "Floor",
          pos = { x = 7, y = 7 },
          texture = "FloorTilesDarkGray",
        },
        {
          kind = "Floor",
          pos = { x = 8, y = 7 },
          texture = "FloorTilesDarkGray",
          entities =
          {
            Entity
            {
              name = "Table",
              components =
              {
                Sprite
                {
                  texture = "WorkTableVerticalBotCapSteel",
                },
              },
            },
          },
        },
        {
          kind = "Floor",
          pos = { x = 1, y = 8 },
          texture = "FloorTilesDarkGray",
          entities =
          {
            Entity
            {
              name = "Locker",
              components =
              {
                Sprite
                {
                  texture = "LockerLightGray",
                },
              },
            },
          },
        },
        {
          kind = "Floor",
          pos = { x = 2, y = 8 },
          texture = "FloorTilesDarkGray",
        },
        {
          kind = "Floor",
          pos = { x = 3, y = 8 },
          texture = "FloorTilesDarkGray",
        },
        {
          kind = "Floor",
          pos = { x = 4, y = 8 },
          texture = "FloorTilesDarkGray",
        },
        {
          kind = "Floor",
          pos = { x = 5, y = 8 },
          texture = "FloorTilesDarkGray",
        },
        {
          kind = "Floor",
          pos = { x = 6, y = 8 },
          texture = "FloorTilesDarkGray",
        },
        {
          kind = "Floor",
          pos = { x = 7, y = 8 },
          texture = "FloorTilesDarkGray",
          entities =
          {
            Entity
            {
              name = "Table",
              components =
              {
                Sprite
                {
                  texture = "WorkTableHorizontalLeftCapSteel",
                },
              },
            },
          },
        },
        {
          kind = "Floor",
          pos = { x = 8, y = 8 },
          texture = "FloorTilesDarkGray",
          entities =
          {
            Entity
            {
              name = "Table",
              components =
              {
                Sprite
                {
                  texture = "WorkTableTopRightCornerSteel",
                },
              },
            },
          },
        },
      }
    }
  }
}
